★ eas-cli@18.12.3 is now available.
To upgrade, run:
npm install -g eas-cli
Proceeding with outdated version.

(node:345855) [DEP0040] DeprecationWarning: The `punycode` module is deprecated. Please use a userland alternative instead.
(Use `node --trace-deprecation ...` to show where the warning was created)
The field "cli.appVersionSource" is not set, but it will be required in the future. Learn more: https://docs.expo.dev/build-reference/app-versions/
Resolved "preview" environment for the build. Learn more: https://docs.expo.dev/eas/environment-variables/#setting-the-environment-for-your-builds
No environment variables with visibility "Plain text" and "Sensitive" found for the "preview" environment on EAS.
Environment variables loaded from the "preview" build profile "env" configuration: EXPO_PUBLIC_API_BASE_URL.



The field "cli.appVersionSource" is not set, but it will be required in the future. Learn more: https://docs.expo.dev/build-reference/app-versions/
✔ Using remote Android credentials (Expo server)
✔ Using Keystore from configuration: Build Credentials Ocl0a2vTcZ (default)

Compressing project files and uploading to EAS Build. Learn more: https://expo.fyi/eas-build-archive
- Compressing project files
- Uploading to EAS Build (0 / 16.7 MB)
✔ Uploaded to EAS 2s
- Computing project fingerprint
✔ Computed project fingerprint

See logs: https://expo.dev/accounts/salehhrb/projects/sahaat-muhawara/builds/59fbc643-6480-4dfa-907f-029861b07abb

Waiting for build to complete. You can press Ctrl+C to exit.
- Waiting for build to complete.
✔ Build finished

  ▄▄▄▄▄▄▄▄▄▄▄▄▄▄▄▄▄▄▄▄▄▄▄▄▄▄▄▄▄▄▄▄▄▄▄▄▄▄▄
  █ ▄▄▄▄▄ █▄▄▄ ▀▀▀█ █▀▀▄█ █ ▄▀███ ▄▄▄▄▄ █
  █ █   █ ██▄▀ ▀   ▀▀█▄▄ ███ █  █ █   █ █
  █ █▄▄▄█ ██▀▄  ████▄▄▄ ██▀█▀▄█ █ █▄▄▄█ █
  █▄▄▄▄▄▄▄█ ▀▄▀ ▀ █▄█ █▄█ █ ▀ █▄█▄▄▄▄▄▄▄█
  █▄ ▀  █▄▀▀ ▀▀▄██ ▄▄▀▀▀██▀▄▀▀▀▄█▄▀▀██▀▄█
  █▄ ▄▄▄ ▄▀▀▀ ▄ ▄▀ █▀ ▀█▄▄ ▀▄▀▄▄▄▄▄▄▄ ▄▄█
  ██ ▄▀█▀▄ ▄█  ▄▀▀  █▀▄█▀█ ▄▀█  █▄▄▀ ▀ ▄█
  █ ▀▀ ▄█▄▄  ▀█▀█ ▄▄▄▄▄█▄ █ ▄▀▄▄▀▄▀▄█▀▄ █
  █▄  ▄▄▄▄▀▀█▄▄▄ ▄ █▀▄▀ █ █▄▄▀▀█▀▄██ ▄▄▄█
  ██▄▀ ▄ ▄▄███ █ █▄ █▀ ▄▄ ▄▀▀ ▄█▀█▄▀▀██ █
  █ ███ ▄▄█   ▀▀██ ▀▄▄▀███▀▄▀  ▄ ▄▀  ▀ ▄█
  ██▀ ▀▀ ▄█ ▀█  █▄▄▄ ▀███▄▄▀▄▀  █  ▄▀▀▀ █
  █ ██▀█▄▄██▄  ▀▀▄▀▄█▄█▄██ ██▀ ▀█▄▄▀█▀▀▄█
  █ ▄ ▄▀█▄█▀▄▄▀ █▀▄ ▄▄▄▄▄▄▀██▀ █▄█ ▀  ▄ █
  █▄█████▄█▀  ▄▄    █ ▀▀█▄█ ▄██ ▄▄▄ █  ██
  █ ▄▄▄▄▄ ██ ▄▄▀ ▄▄▄▄█▄ █▄ ▀ ██ █▄█  ▄▀▄█
  █ █   █ █ █▀▀▀▀█▀▀▄▄ ██▀▀██  ▄  ▄▄ █▄▄█
  █ █▄▄▄█ █▀█▄▄▄█▄▄█▀▀▀▀▄█ ▄▄  ██▀▄ █ ▀ █
  █▄▄▄▄▄▄▄█▄▄█▄██▄▄██▄█▄█▄▄████▄▄▄██▄██▄█


🤖 Open this link on your Android devices (or scan the QR code) to install the app:
https://expo.dev/accounts/salehhrb/projects/sahaat-muhawara/builds/59fbc643-6480-4dfa-907f-029861b07abb
